


2026-03-13 15:38:21
================ Hyperparameters ===============
anormly_ratio: 4.0
batch_size: 32
d_model: 256
data_path: ../expdata
dataset: TNS
devices: 0,1,2,3
e_layers: 3
gpu: 0
index: 137
input_c: 9
k: 3
loss_fuc: MSE
lr: 0.0001
mode: train
model_save_path: checkpoints
num_epochs: 10
output_c: 9
patch_size: [5]
rec_timeseries: True
use_gpu: False
use_multi_gpu: True
win_size: 10
====================  Train  ===================
[TNS_V2:train] num_windows = 591
[TNS_V2:train] total_packets = 600
[TNS_V2:train] first window shape = (10, 9)
[TNS_V2:val] num_windows = 591
[TNS_V2:val] total_packets = 600
[TNS_V2:val] first window shape = (10, 9)
[TNS_V2:test] num_windows = 591
[TNS_V2:test] total_packets = 606
[TNS_V2:test] first window shape = (10, 9)
[TNS_V2:thre] num_windows = 591
[TNS_V2:thre] total_packets = 600
[TNS_V2:thre] first window shape = (10, 9)



2026-03-13 15:38:58
================ Hyperparameters ===============
anormly_ratio: 4.0
batch_size: 32
d_model: 256
data_path: ../expdata
dataset: TNS
devices: 0,1,2,3
e_layers: 3
gpu: 0
index: 137
input_c: 9
k: 3
loss_fuc: MSE
lr: 0.0001
mode: train
model_save_path: checkpoints
num_epochs: 1
output_c: 9
patch_size: [5]
rec_timeseries: True
use_gpu: False
use_multi_gpu: True
win_size: 10
====================  Train  ===================
[TNS_V2:train] num_windows = 591
[TNS_V2:train] total_packets = 600
[TNS_V2:train] first window shape = (10, 9)
[TNS_V2:val] num_windows = 591
[TNS_V2:val] total_packets = 600
[TNS_V2:val] first window shape = (10, 9)
[TNS_V2:test] num_windows = 591
[TNS_V2:test] total_packets = 606
[TNS_V2:test] first window shape = (10, 9)
[TNS_V2:thre] num_windows = 591
[TNS_V2:thre] total_packets = 600
[TNS_V2:thre] first window shape = (10, 9)



2026-03-13 15:48:08
================ Hyperparameters ===============
anormly_ratio: 4.0
batch_size: 32
d_model: 256
data_path: ../expdata
dataset: TNS
devices: 0,1,2,3
e_layers: 3
gpu: 0
index: 137
input_c: 9
k: 3
loss_fuc: MSE
lr: 0.0001
mode: train
model_save_path: checkpoints
num_epochs: 1
output_c: 9
patch_size: [5]
rec_timeseries: True
use_gpu: False
use_multi_gpu: True
win_size: 10
====================  Train  ===================
[TNS_V2:train] num_windows = 591
[TNS_V2:train] total_packets = 600
[TNS_V2:train] first window shape = (10, 9)
[TNS_V2:val] num_windows = 591
[TNS_V2:val] total_packets = 600
[TNS_V2:val] first window shape = (10, 9)
[TNS_V2:test] num_windows = 591
[TNS_V2:test] total_packets = 606
[TNS_V2:test] first window shape = (10, 9)
[TNS_V2:thre] num_windows = 591
[TNS_V2:thre] total_packets = 600
[TNS_V2:thre] first window shape = (10, 9)



2026-03-13 15:54:35
================ Hyperparameters ===============
anormly_ratio: 4.0
batch_size: 32
d_model: 256
data_path: ../expdata
dataset: TNS
devices: 0,1,2,3
e_layers: 3
gpu: 0
index: 137
input_c: 9
k: 3
loss_fuc: MSE
lr: 0.0001
mode: train
model_save_path: checkpoints
num_epochs: 1
output_c: 9
patch_size: [5]
rec_timeseries: True
use_gpu: False
use_multi_gpu: True
win_size: 10
====================  Train  ===================
[TNS_V2:train] num_windows = 591
[TNS_V2:train] total_packets = 600
[TNS_V2:train] first window shape = (10, 9)
[TNS_V2:val] num_windows = 591
[TNS_V2:val] total_packets = 600
[TNS_V2:val] first window shape = (10, 9)
[TNS_V2:test] num_windows = 591
[TNS_V2:test] total_packets = 606
[TNS_V2:test] first window shape = (10, 9)
[TNS_V2:thre] num_windows = 591
[TNS_V2:thre] total_packets = 600
[TNS_V2:thre] first window shape = (10, 9)
Epoch: 1, Cost time: 5.116s 



2026-03-13 16:28:48
================ Hyperparameters ===============
anormly_ratio: 4.0
batch_size: 32
d_model: 256
data_path: ../expdata
dataset: TNS
devices: 0,1,2,3
e_layers: 3
gpu: 0
index: 137
input_c: 9
k: 3
loss_fuc: MSE
lr: 0.0001
mode: train
model_save_path: checkpoints
num_epochs: 1
output_c: 9
patch_size: [5]
rec_timeseries: True
use_gpu: False
use_multi_gpu: True
win_size: 10
====================  Train  ===================
[TNS_V2:train] num_windows = 591
[TNS_V2:train] total_packets = 600
[TNS_V2:train] first window shape = (10, 9)
[TNS_V2:val] num_windows = 591
[TNS_V2:val] total_packets = 600
[TNS_V2:val] first window shape = (10, 9)
[TNS_V2:test] num_windows = 591
[TNS_V2:test] total_packets = 606
[TNS_V2:test] first window shape = (10, 9)
[TNS_V2:thre] num_windows = 591
[TNS_V2:thre] total_packets = 600
[TNS_V2:thre] first window shape = (10, 9)



2026-03-13 16:29:07
================ Hyperparameters ===============
anormly_ratio: 4.0
batch_size: 32
d_model: 256
data_path: ../expdata
dataset: TNS
devices: 0,1,2,3
e_layers: 3
gpu: 0
index: 137
input_c: 9
k: 3
loss_fuc: MSE
lr: 0.0001
mode: train
model_save_path: checkpoints
num_epochs: 1
output_c: 9
patch_size: [5]
rec_timeseries: True
use_gpu: False
use_multi_gpu: True
win_size: 10
====================  Train  ===================
[TNS_V2:train] num_windows = 591
[TNS_V2:train] total_packets = 600
[TNS_V2:train] first window shape = (10, 9)
[TNS_V2:val] num_windows = 591
[TNS_V2:val] total_packets = 600
[TNS_V2:val] first window shape = (10, 9)
[TNS_V2:test] num_windows = 591
[TNS_V2:test] total_packets = 606
[TNS_V2:test] first window shape = (10, 9)
[TNS_V2:thre] num_windows = 591
[TNS_V2:thre] total_packets = 600
[TNS_V2:thre] first window shape = (10, 9)
Epoch: 1, Cost time: 4.583s 
[INFO] Saved checkpoint to: checkpoints/TNS_checkpoint.pth
[TNS_V2:train] num_windows = 591
[TNS_V2:train] total_packets = 600
[TNS_V2:train] first window shape = (10, 9)
[TNS_V2:val] num_windows = 591
[TNS_V2:val] total_packets = 600
[TNS_V2:val] first window shape = (10, 9)
[TNS_V2:test] num_windows = 591
[TNS_V2:test] total_packets = 606
[TNS_V2:test] first window shape = (10, 9)
[TNS_V2:thre] num_windows = 591
[TNS_V2:thre] total_packets = 600
[TNS_V2:thre] first window shape = (10, 9)
Threshold : 0.5416749644279479
[TNS_V2:train] num_windows = 591
[TNS_V2:train] total_packets = 600
[TNS_V2:train] first window shape = (10, 9)
[TNS_V2:val] num_windows = 591
[TNS_V2:val] total_packets = 600
[TNS_V2:val] first window shape = (10, 9)
[TNS_V2:test] num_windows = 591
[TNS_V2:test] total_packets = 606
[TNS_V2:test] first window shape = (10, 9)
[TNS_V2:thre] num_windows = 591
[TNS_V2:thre] total_packets = 600
[TNS_V2:thre] first window shape = (10, 9)
Threshold : 0.5448151636123656
[TNS_V2:train] num_windows = 591
[TNS_V2:train] total_packets = 600
[TNS_V2:train] first window shape = (10, 9)
[TNS_V2:val] num_windows = 591
[TNS_V2:val] total_packets = 600
[TNS_V2:val] first window shape = (10, 9)
[TNS_V2:test] num_windows = 591
[TNS_V2:test] total_packets = 606
[TNS_V2:test] first window shape = (10, 9)
[TNS_V2:thre] num_windows = 591
[TNS_V2:thre] total_packets = 600
[TNS_V2:thre] first window shape = (10, 9)
Threshold : 0.5448151636123656
Accuracy : 0.9587, Precision : 0.0000, Recall : 0.0000, F-score : 0.0000 
[TNS_V2:train] num_windows = 591
[TNS_V2:train] total_packets = 600
[TNS_V2:train] first window shape = (10, 9)
[TNS_V2:val] num_windows = 591
[TNS_V2:val] total_packets = 600
[TNS_V2:val] first window shape = (10, 9)
[TNS_V2:test] num_windows = 591
[TNS_V2:test] total_packets = 606
[TNS_V2:test] first window shape = (10, 9)
[TNS_V2:thre] num_windows = 591
[TNS_V2:thre] total_packets = 600
[TNS_V2:thre] first window shape = (10, 9)
Threshold : 0.5302067852020262
Accuracy : 0.9554, Precision : 0.0000, Recall : 0.0000, F-score : 0.0000 
Packet Threshold : 0.190318
Packet Accuracy : 0.9590, Packet Precision : 0.0000, Packet Recall : 0.0000, Packet F-score : 0.0000
[INFO] Saved packet-level outputs to: packet_result/



2026-03-13 23:08:39
================ Hyperparameters ===============
anormly_ratio: 4.0
batch_size: 32
d_model: 256
data_path: ../expdata
dataset: TNS
devices: 0,1,2,3
e_layers: 3
gpu: 0
index: 137
input_c: 9
k: 3
loss_fuc: MSE
lr: 0.0001
mode: train
model_save_path: checkpoints
num_epochs: 30
output_c: 9
patch_size: [5]
rec_timeseries: True
use_gpu: False
use_multi_gpu: True
win_size: 10
====================  Train  ===================
[TNS_V2:train] num_windows = 591
[TNS_V2:train] total_packets = 600
[TNS_V2:train] first window shape = (10, 9)
[TNS_V2:val] num_windows = 591
[TNS_V2:val] total_packets = 600
[TNS_V2:val] first window shape = (10, 9)
[TNS_V2:test] num_windows = 591
[TNS_V2:test] total_packets = 606
[TNS_V2:test] first window shape = (10, 9)
[TNS_V2:thre] num_windows = 591
[TNS_V2:thre] total_packets = 600
[TNS_V2:thre] first window shape = (10, 9)
Epoch: 1, Cost time: 3.987s 
[INFO] Saved checkpoint to: checkpoints/TNS_checkpoint.pth
Epoch: 2, Cost time: 4.611s 
[INFO] Saved checkpoint to: checkpoints/TNS_checkpoint.pth
Epoch: 3, Cost time: 4.278s 
[INFO] Saved checkpoint to: checkpoints/TNS_checkpoint.pth
Epoch: 4, Cost time: 5.090s 
[INFO] Saved checkpoint to: checkpoints/TNS_checkpoint.pth
Epoch: 5, Cost time: 5.171s 
[INFO] Saved checkpoint to: checkpoints/TNS_checkpoint.pth
Epoch: 6, Cost time: 5.108s 
[INFO] Saved checkpoint to: checkpoints/TNS_checkpoint.pth
Epoch: 7, Cost time: 4.383s 
[INFO] Saved checkpoint to: checkpoints/TNS_checkpoint.pth
Epoch: 8, Cost time: 4.438s 
[INFO] Saved checkpoint to: checkpoints/TNS_checkpoint.pth
Epoch: 9, Cost time: 3.977s 
[INFO] Saved checkpoint to: checkpoints/TNS_checkpoint.pth
Epoch: 10, Cost time: 4.621s 
[INFO] Saved checkpoint to: checkpoints/TNS_checkpoint.pth
Epoch: 11, Cost time: 3.993s 
[INFO] Saved checkpoint to: checkpoints/TNS_checkpoint.pth
Epoch: 12, Cost time: 4.305s 
[INFO] Saved checkpoint to: checkpoints/TNS_checkpoint.pth
Epoch: 13, Cost time: 5.371s 
[INFO] Saved checkpoint to: checkpoints/TNS_checkpoint.pth
Epoch: 14, Cost time: 4.523s 
[INFO] Saved checkpoint to: checkpoints/TNS_checkpoint.pth
Epoch: 15, Cost time: 5.144s 
[INFO] Saved checkpoint to: checkpoints/TNS_checkpoint.pth
Epoch: 16, Cost time: 5.211s 
[INFO] Saved checkpoint to: checkpoints/TNS_checkpoint.pth
Epoch: 17, Cost time: 4.441s 
[INFO] Saved checkpoint to: checkpoints/TNS_checkpoint.pth
Epoch: 18, Cost time: 4.870s 
[INFO] Saved checkpoint to: checkpoints/TNS_checkpoint.pth
Epoch: 19, Cost time: 5.179s 
[INFO] Saved checkpoint to: checkpoints/TNS_checkpoint.pth
Epoch: 20, Cost time: 5.164s 
[INFO] Saved checkpoint to: checkpoints/TNS_checkpoint.pth
Epoch: 21, Cost time: 5.524s 
[INFO] Saved checkpoint to: checkpoints/TNS_checkpoint.pth
Epoch: 22, Cost time: 5.450s 
[INFO] Saved checkpoint to: checkpoints/TNS_checkpoint.pth
Epoch: 23, Cost time: 4.756s 
[INFO] Saved checkpoint to: checkpoints/TNS_checkpoint.pth
Epoch: 24, Cost time: 4.871s 
[INFO] Saved checkpoint to: checkpoints/TNS_checkpoint.pth
Epoch: 25, Cost time: 4.246s 
[INFO] Saved checkpoint to: checkpoints/TNS_checkpoint.pth
Epoch: 26, Cost time: 5.173s 
[INFO] Saved checkpoint to: checkpoints/TNS_checkpoint.pth
Epoch: 27, Cost time: 4.873s 
[INFO] Saved checkpoint to: checkpoints/TNS_checkpoint.pth
Epoch: 28, Cost time: 4.225s 
[INFO] Saved checkpoint to: checkpoints/TNS_checkpoint.pth
Epoch: 29, Cost time: 4.007s 
[INFO] Saved checkpoint to: checkpoints/TNS_checkpoint.pth
Epoch: 30, Cost time: 4.574s 
[INFO] Saved checkpoint to: checkpoints/TNS_checkpoint.pth
[TNS_V2:train] num_windows = 591
[TNS_V2:train] total_packets = 600
[TNS_V2:train] first window shape = (10, 9)
[TNS_V2:val] num_windows = 591
[TNS_V2:val] total_packets = 600
[TNS_V2:val] first window shape = (10, 9)
[TNS_V2:test] num_windows = 591
[TNS_V2:test] total_packets = 606
[TNS_V2:test] first window shape = (10, 9)
[TNS_V2:thre] num_windows = 591
[TNS_V2:thre] total_packets = 600
[TNS_V2:thre] first window shape = (10, 9)
Threshold : 0.23394538700580597
Accuracy : 0.9594, Precision : 0.0000, Recall : 0.0000, F-score : 0.0000 
Packet Threshold : 0.141673
Packet Accuracy : 0.9590, Packet Precision : 0.0000, Packet Recall : 0.0000, Packet F-score : 0.0000
[INFO] Saved packet-level outputs to: packet_result/
[TNS_V2:train] num_windows = 591
[TNS_V2:train] total_packets = 600
[TNS_V2:train] first window shape = (10, 9)
[TNS_V2:val] num_windows = 591
[TNS_V2:val] total_packets = 600
[TNS_V2:val] first window shape = (10, 9)
[TNS_V2:test] num_windows = 591
[TNS_V2:test] total_packets = 606
[TNS_V2:test] first window shape = (10, 9)
[TNS_V2:thre] num_windows = 591
[TNS_V2:thre] total_packets = 600
[TNS_V2:thre] first window shape = (10, 9)
[TNS_V2:train] num_windows = 591
[TNS_V2:train] total_packets = 600
[TNS_V2:train] first window shape = (10, 9)
[TNS_V2:val] num_windows = 591
[TNS_V2:val] total_packets = 600
[TNS_V2:val] first window shape = (10, 9)
[TNS_V2:test] num_windows = 591
[TNS_V2:test] total_packets = 606
[TNS_V2:test] first window shape = (10, 9)
[TNS_V2:thre] num_windows = 591
[TNS_V2:thre] total_packets = 600
[TNS_V2:thre] first window shape = (10, 9)
Threshold : 0.23392276585102081
Accuracy : 0.9592, Precision : 0.0000, Recall : 0.0000, F-score : 0.0000 
Packet Threshold : 0.141673
Packet Accuracy : 0.9590, Packet Precision : 0.0000, Packet Recall : 0.0000, Packet F-score : 0.0000
[INFO] Saved packet-level outputs to: packet_result/
[TNS_V2:train] num_windows = 591
[TNS_V2:train] total_packets = 600
[TNS_V2:train] first window shape = (10, 9)
[TNS_V2:val] num_windows = 591
[TNS_V2:val] total_packets = 600
[TNS_V2:val] first window shape = (10, 9)
[TNS_V2:test] num_windows = 591
[TNS_V2:test] total_packets = 606
[TNS_V2:test] first window shape = (10, 9)
[TNS_V2:thre] num_windows = 591
[TNS_V2:thre] total_packets = 600
[TNS_V2:thre] first window shape = (10, 9)
Threshold : 0.23390264749526976
Accuracy : 0.9590, Precision : 0.0000, Recall : 0.0000, F-score : 0.0000 
Packet Threshold : 0.141673
Packet Accuracy : 0.9590, Packet Precision : 0.0000, Packet Recall : 0.0000, Packet F-score : 0.0000
[INFO] Saved packet-level outputs to: packet_result/
[TNS_V2:train] num_windows = 591
[TNS_V2:train] total_packets = 600
[TNS_V2:train] first window shape = (10, 9)
[TNS_V2:val] num_windows = 591
[TNS_V2:val] total_packets = 600
[TNS_V2:val] first window shape = (10, 9)
[TNS_V2:test] num_windows = 591
[TNS_V2:test] total_packets = 606
[TNS_V2:test] first window shape = (10, 9)
[TNS_V2:thre] num_windows = 591
[TNS_V2:thre] total_packets = 600
[TNS_V2:thre] first window shape = (10, 9)
Threshold : 0.23392876923084258
score min = 0.0
score max = 0.287148
threshold = 0.23392876923084258
num_pred_anomaly = 235
Accuracy : 0.9592, Precision : 0.0000, Recall : 0.0000, F-score : 0.0000 
num_valid_test_packets = 585
num_valid_thre_packets = 585
packet score min = 0.003141046705422923
packet score max = 0.19227202534675597
packet threshold = 0.14167321064323185
num_pred_packet_anomaly = 24
num_true_packet_anomaly = 0
Packet Threshold : 0.141673
Packet Accuracy : 0.9590, Packet Precision : 0.0000, Packet Recall : 0.0000, Packet F-score : 0.0000
[INFO] Saved packet-level outputs to: packet_result/
[TNS_V2:train] num_windows = 591
[TNS_V2:train] total_packets = 600
[TNS_V2:train] first window shape = (10, 9)
[TNS_V2:val] num_windows = 591
[TNS_V2:val] total_packets = 600
[TNS_V2:val] first window shape = (10, 9)
[TNS_V2:test] num_windows = 591
[TNS_V2:test] total_packets = 606
[TNS_V2:test] first window shape = (10, 9)
[TNS_V2:thre] num_windows = 591
[TNS_V2:thre] total_packets = 600
[TNS_V2:thre] first window shape = (10, 9)
Threshold : 0.23399619698524474
score min = 0.0
score max = 0.287148
threshold = 0.23399619698524474
num_pred_anomaly = 232
Accuracy : 0.9597, Precision : 0.0000, Recall : 0.0000, F-score : 0.0000 
num_valid_test_packets = 585
num_valid_thre_packets = 585
packet score min = 0.003141046705422923
packet score max = 0.19227202534675597
packet threshold = 0.14167321064323185
num_pred_packet_anomaly = 24
num_true_packet_anomaly = 0
Packet Threshold : 0.141673
Packet Accuracy : 0.9590, Packet Precision : 0.0000, Packet Recall : 0.0000, Packet F-score : 0.0000
[INFO] Saved packet-level outputs to: packet_result/
[TNS_V2:train] num_windows = 591
[TNS_V2:train] total_packets = 600
[TNS_V2:train] first window shape = (10, 9)
[TNS_V2:val] num_windows = 591
[TNS_V2:val] total_packets = 600
[TNS_V2:val] first window shape = (10, 9)
[TNS_V2:test] num_windows = 591
[TNS_V2:test] total_packets = 606
[TNS_V2:test] first window shape = (10, 9)
[TNS_V2:thre] num_windows = 591
[TNS_V2:thre] total_packets = 600
[TNS_V2:thre] first window shape = (10, 9)
Threshold : 0.23392876923084258
score min = 0.0
score max = 0.287148
threshold = 0.23392876923084258
num_pred_anomaly = 235
Accuracy : 0.9592, Precision : 0.0000, Recall : 0.0000, F-score : 0.0000 
raw total test packets = 606
raw true packet anomaly = 6
selected_packet_mask count = 600
true anomaly after selected_packet_mask = 0
true anomaly after test_valid_mask = 0
num anomaly removed by valid mask = 6
num_valid_test_packets = 585
num_valid_thre_packets = 585
packet score min = 0.003141046705422923
packet score max = 0.19227202534675597
packet threshold = 0.14167321064323185
num_pred_packet_anomaly = 24
num_true_packet_anomaly = 0
Packet Threshold : 0.141673
Packet Accuracy : 0.9590, Packet Precision : 0.0000, Packet Recall : 0.0000, Packet F-score : 0.0000
[INFO] Saved packet-level outputs to: packet_result/
[TNS_V2:train] num_windows = 591
[TNS_V2:train] total_packets = 600
[TNS_V2:train] first window shape = (10, 9)
[TNS_V2:val] num_windows = 591
[TNS_V2:val] total_packets = 600
[TNS_V2:val] first window shape = (10, 9)
[TNS_V2:test] num_windows = 591
[TNS_V2:test] total_packets = 606
[TNS_V2:test] first window shape = (10, 9)
[TNS_V2:thre] num_windows = 591
[TNS_V2:thre] total_packets = 600
[TNS_V2:thre] first window shape = (10, 9)
Threshold : 0.23392276585102081
score min = 0.0
score max = 0.287148
threshold = 0.23392276585102081
num_pred_anomaly = 235
Accuracy : 0.9592, Precision : 0.0000, Recall : 0.0000, F-score : 0.0000 
[TNS_V2:train] num_windows = 591
[TNS_V2:train] total_packets = 600
[TNS_V2:train] first window shape = (10, 9)
[TNS_V2:val] num_windows = 591
[TNS_V2:val] total_packets = 600
[TNS_V2:val] first window shape = (10, 9)
[TNS_V2:test] num_windows = 591
[TNS_V2:test] total_packets = 606
[TNS_V2:test] first window shape = (10, 9)
[TNS_V2:thre] num_windows = 591
[TNS_V2:thre] total_packets = 600
[TNS_V2:thre] first window shape = (10, 9)
Threshold : 0.23392276585102081
score min = 0.0
score max = 0.287148
threshold = 0.23392276585102081
num_pred_anomaly = 235
Accuracy : 0.9592, Precision : 0.0000, Recall : 0.0000, F-score : 0.0000 
raw total test packets = 606
raw true packet anomaly = 6
selected_packet_mask count = 600
true anomaly after selected_packet_mask = 0
raw anomaly packet idx = [600 601 602 603 604 605]
valid mask on anomaly idx = [False False False False False False]
selected packet idx head/tail = [ 0  1  2  3  4  5  6  7  8  9 10 11 12 13 14 15 16 17 18 19] [580 581 582 583 584 585 586 587 588 589 590 591 592 593 594 595 596 597
 598 599]
true anomaly after test_valid_mask = 0
num anomaly removed by valid mask = 6
num_valid_test_packets = 585
num_valid_thre_packets = 585
packet score min = 0.003141046705422923
packet score max = 0.19227202534675597
packet threshold = 0.14167321064323185
num_pred_packet_anomaly = 24
num_true_packet_anomaly = 0
Packet Threshold : 0.141673
Packet Accuracy : 0.9590, Packet Precision : 0.0000, Packet Recall : 0.0000, Packet F-score : 0.0000
[INFO] Saved packet-level outputs to: packet_result/
[TNS_V2:train] num_windows = 591
[TNS_V2:train] total_packets = 600
[TNS_V2:train] first window shape = (10, 9)
[TNS_V2:val] num_windows = 591
[TNS_V2:val] total_packets = 600
[TNS_V2:val] first window shape = (10, 9)
[TNS_V2:test] num_windows = 591
[TNS_V2:test] total_packets = 606
[TNS_V2:test] first window shape = (10, 9)
[TNS_V2:thre] num_windows = 591
[TNS_V2:thre] total_packets = 600
[TNS_V2:thre] first window shape = (10, 9)
Threshold : 0.2339210307598114
score min = 0.0
score max = 0.287148
threshold = 0.2339210307598114
num_pred_anomaly = 236
Accuracy : 0.9590, Precision : 0.0000, Recall : 0.0000, F-score : 0.0000 
num_true_window_anomaly = 0
raw total test packets = 606
raw true packet anomaly = 6
selected_packet_mask count = 600
true anomaly after selected_packet_mask = 0
raw anomaly packet idx = [600 601 602 603 604 605]
valid mask on anomaly idx = [False False False False False False]
selected packet idx head/tail = [ 0  1  2  3  4  5  6  7  8  9 10 11 12 13 14 15 16 17 18 19] [580 581 582 583 584 585 586 587 588 589 590 591 592 593 594 595 596 597
 598 599]
true anomaly after test_valid_mask = 0
num anomaly removed by valid mask = 6
num_valid_test_packets = 585
num_valid_thre_packets = 585
packet score min = 0.003141046705422923
packet score max = 0.19227202534675597
packet threshold = 0.14167321064323185
num_pred_packet_anomaly = 24
num_true_packet_anomaly = 0
Packet Threshold : 0.141673
Packet Accuracy : 0.9590, Packet Precision : 0.0000, Packet Recall : 0.0000, Packet F-score : 0.0000
[INFO] Saved packet-level outputs to: packet_result/
[TNS_V2:train] num_windows = 591
[TNS_V2:train] total_packets = 600
[TNS_V2:train] first window shape = (10, 9)
[TNS_V2:val] num_windows = 591
[TNS_V2:val] total_packets = 600
[TNS_V2:val] first window shape = (10, 9)
[TNS_V2:test] num_windows = 591
[TNS_V2:test] total_packets = 606
[TNS_V2:test] first window shape = (10, 9)
[TNS_V2:thre] num_windows = 591
[TNS_V2:thre] total_packets = 600
[TNS_V2:thre] first window shape = (10, 9)
Threshold : 0.2339736521244049
score min = 0.0
score max = 0.287148
threshold = 0.2339736521244049
num_pred_anomaly = 233
Accuracy : 0.9595, Precision : 0.0000, Recall : 0.0000, F-score : 0.0000 
num_true_window_anomaly = 0
raw total test packets = 606
raw true packet anomaly = 6
selected_packet_mask count = 600
true anomaly after selected_packet_mask = 0
raw anomaly packet idx = [600 601 602 603 604 605]
valid mask on anomaly idx = [False False False False False False]
selected packet idx head/tail = [ 0  1  2  3  4  5  6  7  8  9 10 11 12 13 14 15 16 17 18 19] [580 581 582 583 584 585 586 587 588 589 590 591 592 593 594 595 596 597
 598 599]
true anomaly after test_valid_mask = 0
num anomaly removed by valid mask = 6
num_valid_test_packets = 585
num_valid_thre_packets = 585
packet score min = 0.003141046705422923
packet score max = 0.19227202534675597
packet threshold = 0.14167321064323185
num_pred_packet_anomaly = 24
num_true_packet_anomaly = 0
Packet Threshold : 0.141673
Packet Accuracy : 0.9590, Packet Precision : 0.0000, Packet Recall : 0.0000, Packet F-score : 0.0000
[INFO] Saved packet-level outputs to: packet_result/
[TNS_V2:train] num_windows = 591
[TNS_V2:train] total_packets = 600
[TNS_V2:train] first window shape = (10, 9)
[TNS_V2:val] num_windows = 591
[TNS_V2:val] total_packets = 600
[TNS_V2:val] first window shape = (10, 9)
[TNS_V2:test] num_windows = 591
[TNS_V2:test] total_packets = 606
[TNS_V2:test] first window shape = (10, 9)
[TNS_V2:thre] num_windows = 591
[TNS_V2:thre] total_packets = 600
[TNS_V2:thre] first window shape = (10, 9)
Threshold : 0.2339210307598114
score min = 0.0
score max = 0.287148
threshold = 0.2339210307598114
num_pred_anomaly = 236
Accuracy : 0.9590, Precision : 0.0000, Recall : 0.0000, F-score : 0.0000 
num_true_window_anomaly = 0
raw total test packets = 606
raw true packet anomaly = 6
selected_packet_mask count = 600
true anomaly after selected_packet_mask = 0
raw anomaly packet idx = [600 601 602 603 604 605]
valid mask on anomaly idx = [False False False False False False]
selected packet idx head/tail = [ 0  1  2  3  4  5  6  7  8  9 10 11 12 13 14 15 16 17 18 19] [580 581 582 583 584 585 586 587 588 589 590 591 592 593 594 595 596 597
 598 599]
true anomaly after test_valid_mask = 0
num anomaly removed by valid mask = 6
num_valid_test_packets = 585
num_valid_thre_packets = 585
packet score min = 0.003141046705422923
packet score max = 0.19227202534675597
packet threshold = 0.14167321064323185
num_pred_packet_anomaly = 24
num_true_packet_anomaly = 0
Packet Threshold : 0.141673
Packet Accuracy : 0.9590, Packet Precision : 0.0000, Packet Recall : 0.0000, Packet F-score : 0.0000
[INFO] Saved packet-level outputs to: packet_result/
[DEBUG] loading session_fp = dataset/../expdata/train/session_train.npy
[DEBUG] abs session_fp = /home/dbsecure/project/KDD2023-DCdetector/expdata/train/session_train.npy
[DEBUG] loaded shape = (600, 9) label = 0
[TNS_V2:train] num_windows = 591
[TNS_V2:train] total_packets = 600
[TNS_V2:train] first window shape = (10, 9)
[DEBUG] loading session_fp = dataset/../expdata/test_normal/session_test_normal.npy
[DEBUG] abs session_fp = /home/dbsecure/project/KDD2023-DCdetector/expdata/test_normal/session_test_normal.npy
[DEBUG] loaded shape = (600, 9) label = 0
[TNS_V2:val] num_windows = 591
[TNS_V2:val] total_packets = 600
[TNS_V2:val] first window shape = (10, 9)
[DEBUG] loading session_fp = dataset/../expdata/test_normal/session_test_normal.npy
[DEBUG] abs session_fp = /home/dbsecure/project/KDD2023-DCdetector/expdata/test_normal/session_test_normal.npy
[DEBUG] loaded shape = (600, 9) label = 0
[DEBUG] loading session_fp = dataset/../expdata/test_anomaly/session_test_anomaly.npy
[DEBUG] abs session_fp = /home/dbsecure/project/KDD2023-DCdetector/expdata/test_anomaly/session_test_anomaly.npy
[DEBUG] loaded shape = (6, 9) label = 1
[TNS_V2:test] num_windows = 591
[TNS_V2:test] total_packets = 606
[TNS_V2:test] first window shape = (10, 9)
[DEBUG] loading session_fp = dataset/../expdata/test_normal/session_test_normal.npy
[DEBUG] abs session_fp = /home/dbsecure/project/KDD2023-DCdetector/expdata/test_normal/session_test_normal.npy
[DEBUG] loaded shape = (600, 9) label = 0
[TNS_V2:thre] num_windows = 591
[TNS_V2:thre] total_packets = 600
[TNS_V2:thre] first window shape = (10, 9)
Threshold : 0.2339736521244049
score min = 0.0
score max = 0.287148
threshold = 0.2339736521244049
num_pred_anomaly = 233
Accuracy : 0.9595, Precision : 0.0000, Recall : 0.0000, F-score : 0.0000 
num_true_window_anomaly = 0
raw total test packets = 606
raw true packet anomaly = 6
selected_packet_mask count = 600
true anomaly after selected_packet_mask = 0
raw anomaly packet idx = [600 601 602 603 604 605]
valid mask on anomaly idx = [False False False False False False]
selected packet idx head/tail = [ 0  1  2  3  4  5  6  7  8  9 10 11 12 13 14 15 16 17 18 19] [580 581 582 583 584 585 586 587 588 589 590 591 592 593 594 595 596 597
 598 599]
true anomaly after test_valid_mask = 0
num anomaly removed by valid mask = 6
num_valid_test_packets = 585
num_valid_thre_packets = 585
packet score min = 0.003141046705422923
packet score max = 0.19227202534675597
packet threshold = 0.14167321064323185
num_pred_packet_anomaly = 24
num_true_packet_anomaly = 0
Packet Threshold : 0.141673
Packet Accuracy : 0.9590, Packet Precision : 0.0000, Packet Recall : 0.0000, Packet F-score : 0.0000
[INFO] Saved packet-level outputs to: packet_result/
[DEBUG] loading session_fp = dataset/../expdata/train/session_train.npy
[DEBUG] abs session_fp = /home/dbsecure/project/KDD2023-DCdetector/expdata/train/session_train.npy
[DEBUG] loaded shape = (600, 9) label = 0
[TNS_V2:train] num_windows = 591
[TNS_V2:train] total_packets = 600
[TNS_V2:train] first window shape = (10, 9)
[DEBUG] loading session_fp = dataset/../expdata/test_normal/session_test_normal.npy
[DEBUG] abs session_fp = /home/dbsecure/project/KDD2023-DCdetector/expdata/test_normal/session_test_normal.npy
[DEBUG] loaded shape = (600, 9) label = 0
[TNS_V2:val] num_windows = 591
[TNS_V2:val] total_packets = 600
[TNS_V2:val] first window shape = (10, 9)
[DEBUG] loading session_fp = dataset/../expdata/test_normal/session_test_normal.npy
[DEBUG] abs session_fp = /home/dbsecure/project/KDD2023-DCdetector/expdata/test_normal/session_test_normal.npy
[DEBUG] loaded shape = (600, 9) label = 0
[DEBUG] loading session_fp = dataset/../expdata/test_anomaly/session_test_anomaly.npy
[DEBUG] abs session_fp = /home/dbsecure/project/KDD2023-DCdetector/expdata/test_anomaly/session_test_anomaly.npy
[DEBUG] loaded shape = (10, 9) label = 1
[TNS_V2:test] num_windows = 592
[TNS_V2:test] total_packets = 610
[TNS_V2:test] first window shape = (10, 9)
[DEBUG] loading session_fp = dataset/../expdata/test_normal/session_test_normal.npy
[DEBUG] abs session_fp = /home/dbsecure/project/KDD2023-DCdetector/expdata/test_normal/session_test_normal.npy
[DEBUG] loaded shape = (600, 9) label = 0
[TNS_V2:thre] num_windows = 591
[TNS_V2:thre] total_packets = 600
[TNS_V2:thre] first window shape = (10, 9)
Threshold : 0.23399619698524474
score min = 0.0
score max = 0.287148
threshold = 0.23399619698524474
num_pred_anomaly = 232
Accuracy : 0.9597, Precision : 0.0000, Recall : 0.0000, F-score : 0.0000 
num_true_window_anomaly = 0
raw total test packets = 610
raw true packet anomaly = 10
selected_packet_mask count = 610
true anomaly after selected_packet_mask = 10
raw anomaly packet idx = [600 601 602 603 604 605 606 607 608 609]
valid mask on anomaly idx = [False False False False False False False False False False]
selected packet idx head/tail = [ 0  1  2  3  4  5  6  7  8  9 10 11 12 13 14 15 16 17 18 19] [590 591 592 593 594 595 596 597 598 599 600 601 602 603 604 605 606 607
 608 609]
true anomaly after test_valid_mask = 0
num anomaly removed by valid mask = 10
num_valid_test_packets = 585
num_valid_thre_packets = 585
packet score min = 0.003141046705422923
packet score max = 0.19227202534675597
packet threshold = 0.14167321064323185
num_pred_packet_anomaly = 24
num_true_packet_anomaly = 0
Packet Threshold : 0.141673
Packet Accuracy : 0.9590, Packet Precision : 0.0000, Packet Recall : 0.0000, Packet F-score : 0.0000
[INFO] Saved packet-level outputs to: packet_result/
[DEBUG][train] session=session_train.npy T=600 label=0 windows_added=591 local_mask_sum=600 global_idx_range=(0,599)
[DEBUG][train] last window pkt_idx = [590 591 592 593 594 595 596 597 598 599]
[TNS_V2:train] num_windows = 591
[TNS_V2:train] total_packets = 600
[TNS_V2:train] first window shape = (10, 9)
[DEBUG][val] session=session_test_normal.npy T=600 label=0 windows_added=591 local_mask_sum=600 global_idx_range=(0,599)
[DEBUG][val] last window pkt_idx = [590 591 592 593 594 595 596 597 598 599]
[TNS_V2:val] num_windows = 591
[TNS_V2:val] total_packets = 600
[TNS_V2:val] first window shape = (10, 9)
[DEBUG][test] session=session_test_normal.npy T=600 label=0 windows_added=591 local_mask_sum=600 global_idx_range=(0,599)
[DEBUG][test] last window pkt_idx = [590 591 592 593 594 595 596 597 598 599]
[DEBUG][test] session=session_test_anomaly.npy T=10 label=1 windows_added=1 local_mask_sum=10 global_idx_range=(600,609)
[DEBUG][test] last window pkt_idx = [600 601 602 603 604 605 606 607 608 609]
[TNS_V2:test] num_windows = 592
[TNS_V2:test] total_packets = 610
[TNS_V2:test] first window shape = (10, 9)
[DEBUG][thre] session=session_test_normal.npy T=600 label=0 windows_added=591 local_mask_sum=600 global_idx_range=(0,599)
[DEBUG][thre] last window pkt_idx = [590 591 592 593 594 595 596 597 598 599]
[TNS_V2:thre] num_windows = 591
[TNS_V2:thre] total_packets = 600
[TNS_V2:thre] first window shape = (10, 9)
Threshold : 0.23394538700580597
score min = 0.0
score max = 0.287148
threshold = 0.23394538700580597
num_pred_anomaly = 234
Accuracy : 0.9594, Precision : 0.0000, Recall : 0.0000, F-score : 0.0000 
num_true_window_anomaly = 0
raw total test packets = 610
raw true packet anomaly = 10
selected_packet_mask count = 610
true anomaly after selected_packet_mask = 10
raw anomaly packet idx = [600 601 602 603 604 605 606 607 608 609]
valid mask on anomaly idx = [False False False False False False False False False False]
selected packet idx head/tail = [ 0  1  2  3  4  5  6  7  8  9 10 11 12 13 14 15 16 17 18 19] [590 591 592 593 594 595 596 597 598 599 600 601 602 603 604 605 606 607
 608 609]
true anomaly after test_valid_mask = 0
num anomaly removed by valid mask = 10
num_valid_test_packets = 585
num_valid_thre_packets = 585
packet score min = 0.003141046705422923
packet score max = 0.19227202534675597
packet threshold = 0.14167321064323185
num_pred_packet_anomaly = 24
num_true_packet_anomaly = 0
Packet Threshold : 0.141673
Packet Accuracy : 0.9590, Packet Precision : 0.0000, Packet Recall : 0.0000, Packet F-score : 0.0000
[INFO] Saved packet-level outputs to: packet_result/
[DEBUG][train] session=session_train.npy T=600 label=0 windows_added=591 local_mask_sum=600 global_idx_range=(0,599)
[DEBUG][train] last window pkt_idx = [590 591 592 593 594 595 596 597 598 599]
[TNS_V2:train] num_windows = 591
[TNS_V2:train] total_packets = 600
[TNS_V2:train] first window shape = (10, 9)
[DEBUG][val] session=session_test_normal.npy T=600 label=0 windows_added=591 local_mask_sum=600 global_idx_range=(0,599)
[DEBUG][val] last window pkt_idx = [590 591 592 593 594 595 596 597 598 599]
[TNS_V2:val] num_windows = 591
[TNS_V2:val] total_packets = 600
[TNS_V2:val] first window shape = (10, 9)
[DEBUG][test] session=session_test_normal.npy T=600 label=0 windows_added=591 local_mask_sum=600 global_idx_range=(0,599)
[DEBUG][test] last window pkt_idx = [590 591 592 593 594 595 596 597 598 599]
[DEBUG][test] session=session_test_anomaly.npy T=10 label=1 windows_added=1 local_mask_sum=10 global_idx_range=(600,609)
[DEBUG][test] last window pkt_idx = [600 601 602 603 604 605 606 607 608 609]
[TNS_V2:test] num_windows = 592
[TNS_V2:test] total_packets = 610
[TNS_V2:test] first window shape = (10, 9)
[DEBUG][thre] session=session_test_normal.npy T=600 label=0 windows_added=591 local_mask_sum=600 global_idx_range=(0,599)
[DEBUG][thre] last window pkt_idx = [590 591 592 593 594 595 596 597 598 599]
[TNS_V2:thre] num_windows = 591
[TNS_V2:thre] total_packets = 600
[TNS_V2:thre] first window shape = (10, 9)
dataset window_labels shape = (592, 10)
dataset last window label = [1. 1. 1. 1. 1. 1. 1. 1. 1. 1.]
dataset last window pkt_idx = [600 601 602 603 604 605 606 607 608 609]
Threshold : 0.23392276585102081
[DEBUG][test_loop] batch=0 input_shape=torch.Size([32, 10, 9]) labels_shape=torch.Size([32, 10])
[DEBUG][test_loop] labels sum in batch = 0.0
[DEBUG][test_loop] pkt_idx first=[544 545 546 547 548 549 550 551 552 553] last=[575 576 577 578 579 580 581 582 583 584]
[DEBUG][test_loop] batch=1 input_shape=torch.Size([32, 10, 9]) labels_shape=torch.Size([32, 10])
[DEBUG][test_loop] labels sum in batch = 0.0
[DEBUG][test_loop] pkt_idx first=[0 1 2 3 4 5 6 7 8 9] last=[31 32 33 34 35 36 37 38 39 40]
[DEBUG][test_loop] batch=2 input_shape=torch.Size([32, 10, 9]) labels_shape=torch.Size([32, 10])
[DEBUG][test_loop] labels sum in batch = 0.0
[DEBUG][test_loop] pkt_idx first=[32 33 34 35 36 37 38 39 40 41] last=[63 64 65 66 67 68 69 70 71 72]
[DEBUG][test_loop] batch=3 input_shape=torch.Size([32, 10, 9]) labels_shape=torch.Size([32, 10])
[DEBUG][test_loop] labels sum in batch = 0.0
[DEBUG][test_loop] pkt_idx first=[64 65 66 67 68 69 70 71 72 73] last=[ 95  96  97  98  99 100 101 102 103 104]
[DEBUG][test_loop] batch=4 input_shape=torch.Size([32, 10, 9]) labels_shape=torch.Size([32, 10])
[DEBUG][test_loop] labels sum in batch = 0.0
[DEBUG][test_loop] pkt_idx first=[ 96  97  98  99 100 101 102 103 104 105] last=[127 128 129 130 131 132 133 134 135 136]
[DEBUG][test_loop] batch=5 input_shape=torch.Size([32, 10, 9]) labels_shape=torch.Size([32, 10])
[DEBUG][test_loop] labels sum in batch = 0.0
[DEBUG][test_loop] pkt_idx first=[128 129 130 131 132 133 134 135 136 137] last=[159 160 161 162 163 164 165 166 167 168]
[DEBUG][test_loop] batch=6 input_shape=torch.Size([32, 10, 9]) labels_shape=torch.Size([32, 10])
[DEBUG][test_loop] labels sum in batch = 0.0
[DEBUG][test_loop] pkt_idx first=[160 161 162 163 164 165 166 167 168 169] last=[191 192 193 194 195 196 197 198 199 200]
[DEBUG][test_loop] batch=7 input_shape=torch.Size([32, 10, 9]) labels_shape=torch.Size([32, 10])
[DEBUG][test_loop] labels sum in batch = 0.0
[DEBUG][test_loop] pkt_idx first=[192 193 194 195 196 197 198 199 200 201] last=[223 224 225 226 227 228 229 230 231 232]
[DEBUG][test_loop] batch=8 input_shape=torch.Size([32, 10, 9]) labels_shape=torch.Size([32, 10])
[DEBUG][test_loop] labels sum in batch = 0.0
[DEBUG][test_loop] pkt_idx first=[224 225 226 227 228 229 230 231 232 233] last=[255 256 257 258 259 260 261 262 263 264]
[DEBUG][test_loop] batch=9 input_shape=torch.Size([32, 10, 9]) labels_shape=torch.Size([32, 10])
[DEBUG][test_loop] labels sum in batch = 0.0
[DEBUG][test_loop] pkt_idx first=[256 257 258 259 260 261 262 263 264 265] last=[287 288 289 290 291 292 293 294 295 296]
[DEBUG][test_loop] batch=10 input_shape=torch.Size([32, 10, 9]) labels_shape=torch.Size([32, 10])
[DEBUG][test_loop] labels sum in batch = 0.0
[DEBUG][test_loop] pkt_idx first=[288 289 290 291 292 293 294 295 296 297] last=[319 320 321 322 323 324 325 326 327 328]
[DEBUG][test_loop] batch=11 input_shape=torch.Size([32, 10, 9]) labels_shape=torch.Size([32, 10])
[DEBUG][test_loop] labels sum in batch = 0.0
[DEBUG][test_loop] pkt_idx first=[320 321 322 323 324 325 326 327 328 329] last=[351 352 353 354 355 356 357 358 359 360]
[DEBUG][test_loop] batch=12 input_shape=torch.Size([32, 10, 9]) labels_shape=torch.Size([32, 10])
[DEBUG][test_loop] labels sum in batch = 0.0
[DEBUG][test_loop] pkt_idx first=[352 353 354 355 356 357 358 359 360 361] last=[383 384 385 386 387 388 389 390 391 392]
[DEBUG][test_loop] batch=13 input_shape=torch.Size([32, 10, 9]) labels_shape=torch.Size([32, 10])
[DEBUG][test_loop] labels sum in batch = 0.0
[DEBUG][test_loop] pkt_idx first=[384 385 386 387 388 389 390 391 392 393] last=[415 416 417 418 419 420 421 422 423 424]
[DEBUG][test_loop] batch=14 input_shape=torch.Size([32, 10, 9]) labels_shape=torch.Size([32, 10])
[DEBUG][test_loop] labels sum in batch = 0.0
[DEBUG][test_loop] pkt_idx first=[416 417 418 419 420 421 422 423 424 425] last=[447 448 449 450 451 452 453 454 455 456]
[DEBUG][test_loop] batch=15 input_shape=torch.Size([32, 10, 9]) labels_shape=torch.Size([32, 10])
[DEBUG][test_loop] labels sum in batch = 0.0
[DEBUG][test_loop] pkt_idx first=[448 449 450 451 452 453 454 455 456 457] last=[479 480 481 482 483 484 485 486 487 488]
[DEBUG][test_loop] batch=16 input_shape=torch.Size([32, 10, 9]) labels_shape=torch.Size([32, 10])
[DEBUG][test_loop] labels sum in batch = 0.0
[DEBUG][test_loop] pkt_idx first=[480 481 482 483 484 485 486 487 488 489] last=[511 512 513 514 515 516 517 518 519 520]
[DEBUG][test_loop] batch=17 input_shape=torch.Size([32, 10, 9]) labels_shape=torch.Size([32, 10])
[DEBUG][test_loop] labels sum in batch = 0.0
[DEBUG][test_loop] pkt_idx first=[512 513 514 515 516 517 518 519 520 521] last=[543 544 545 546 547 548 549 550 551 552]
test_labels shape = (5760,)
test_labels sum = 0.0
test_labels tail 30 = [0. 0. 0. 0. 0. 0. 0. 0. 0. 0. 0. 0. 0. 0. 0. 0. 0. 0. 0. 0. 0. 0. 0. 0.
 0. 0. 0. 0. 0. 0.]
score min = 0.0
score max = 0.287148
threshold = 0.23392276585102081
num_pred_anomaly = 235
Accuracy : 0.9592, Precision : 0.0000, Recall : 0.0000, F-score : 0.0000 
test_pkt_idx shape = (576, 10)
test_pkt_idx last row = [575 576 577 578 579 580 581 582 583 584]
test_energy shape = (5760,)
last window score = 0.19897968
test_valid_mask[595:610] = [False False False False False False False False False False False False
 False False False]
num_true_window_anomaly = 0
raw total test packets = 610
raw true packet anomaly = 10
selected_packet_mask count = 610
true anomaly after selected_packet_mask = 10
raw anomaly packet idx = [600 601 602 603 604 605 606 607 608 609]
valid mask on anomaly idx = [False False False False False False False False False False]
selected packet idx head/tail = [ 0  1  2  3  4  5  6  7  8  9 10 11 12 13 14 15 16 17 18 19] [590 591 592 593 594 595 596 597 598 599 600 601 602 603 604 605 606 607
 608 609]
true anomaly after test_valid_mask = 0
num anomaly removed by valid mask = 10
num_valid_test_packets = 585
num_valid_thre_packets = 585
packet score min = 0.003141046705422923
packet score max = 0.19227202534675597
packet threshold = 0.14167321064323185
num_pred_packet_anomaly = 24
num_true_packet_anomaly = 0
Packet Threshold : 0.141673
Packet Accuracy : 0.9590, Packet Precision : 0.0000, Packet Recall : 0.0000, Packet F-score : 0.0000
[INFO] Saved packet-level outputs to: packet_result/
[DEBUG][train] session=session_train.npy T=600 label=0 windows_added=591 local_mask_sum=600 global_idx_range=(0,599)
[DEBUG][train] last window pkt_idx = [590 591 592 593 594 595 596 597 598 599]
[TNS_V2:train] num_windows = 591
[TNS_V2:train] total_packets = 600
[TNS_V2:train] first window shape = (10, 9)
[DEBUG][val] session=session_test_normal.npy T=600 label=0 windows_added=591 local_mask_sum=600 global_idx_range=(0,599)
[DEBUG][val] last window pkt_idx = [590 591 592 593 594 595 596 597 598 599]
[TNS_V2:val] num_windows = 591
[TNS_V2:val] total_packets = 600
[TNS_V2:val] first window shape = (10, 9)
[DEBUG][test] session=session_test_normal.npy T=600 label=0 windows_added=591 local_mask_sum=600 global_idx_range=(0,599)
[DEBUG][test] last window pkt_idx = [590 591 592 593 594 595 596 597 598 599]
[DEBUG][test] session=session_test_anomaly.npy T=10 label=1 windows_added=1 local_mask_sum=10 global_idx_range=(600,609)
[DEBUG][test] last window pkt_idx = [600 601 602 603 604 605 606 607 608 609]
[TNS_V2:test] num_windows = 592
[TNS_V2:test] total_packets = 610
[TNS_V2:test] first window shape = (10, 9)
[DEBUG][thre] session=session_test_normal.npy T=600 label=0 windows_added=591 local_mask_sum=600 global_idx_range=(0,599)
[DEBUG][thre] last window pkt_idx = [590 591 592 593 594 595 596 597 598 599]
[TNS_V2:thre] num_windows = 591
[TNS_V2:thre] total_packets = 600
[TNS_V2:thre] first window shape = (10, 9)
dataset window_labels shape = (592, 10)
dataset last window label = [1. 1. 1. 1. 1. 1. 1. 1. 1. 1.]
dataset last window pkt_idx = [600 601 602 603 604 605 606 607 608 609]
Threshold : 0.23392276585102081
[DEBUG][test_loop] batch=0 input_shape=torch.Size([15, 10, 9]) labels_shape=torch.Size([15, 10])
[DEBUG][test_loop] labels sum in batch = 0.0
[DEBUG][test_loop] pkt_idx first=[576 577 578 579 580 581 582 583 584 585] last=[590 591 592 593 594 595 596 597 598 599]
[DEBUG][test_loop] batch=1 input_shape=torch.Size([32, 10, 9]) labels_shape=torch.Size([32, 10])
[DEBUG][test_loop] labels sum in batch = 0.0
[DEBUG][test_loop] pkt_idx first=[0 1 2 3 4 5 6 7 8 9] last=[31 32 33 34 35 36 37 38 39 40]
[DEBUG][test_loop] batch=2 input_shape=torch.Size([32, 10, 9]) labels_shape=torch.Size([32, 10])
[DEBUG][test_loop] labels sum in batch = 0.0
[DEBUG][test_loop] pkt_idx first=[32 33 34 35 36 37 38 39 40 41] last=[63 64 65 66 67 68 69 70 71 72]
[DEBUG][test_loop] batch=3 input_shape=torch.Size([32, 10, 9]) labels_shape=torch.Size([32, 10])
[DEBUG][test_loop] labels sum in batch = 0.0
[DEBUG][test_loop] pkt_idx first=[64 65 66 67 68 69 70 71 72 73] last=[ 95  96  97  98  99 100 101 102 103 104]
[DEBUG][test_loop] batch=4 input_shape=torch.Size([32, 10, 9]) labels_shape=torch.Size([32, 10])
[DEBUG][test_loop] labels sum in batch = 0.0
[DEBUG][test_loop] pkt_idx first=[ 96  97  98  99 100 101 102 103 104 105] last=[127 128 129 130 131 132 133 134 135 136]
[DEBUG][test_loop] batch=5 input_shape=torch.Size([32, 10, 9]) labels_shape=torch.Size([32, 10])
[DEBUG][test_loop] labels sum in batch = 0.0
[DEBUG][test_loop] pkt_idx first=[128 129 130 131 132 133 134 135 136 137] last=[159 160 161 162 163 164 165 166 167 168]
[DEBUG][test_loop] batch=6 input_shape=torch.Size([32, 10, 9]) labels_shape=torch.Size([32, 10])
[DEBUG][test_loop] labels sum in batch = 0.0
[DEBUG][test_loop] pkt_idx first=[160 161 162 163 164 165 166 167 168 169] last=[191 192 193 194 195 196 197 198 199 200]
[DEBUG][test_loop] batch=7 input_shape=torch.Size([32, 10, 9]) labels_shape=torch.Size([32, 10])
[DEBUG][test_loop] labels sum in batch = 0.0
[DEBUG][test_loop] pkt_idx first=[192 193 194 195 196 197 198 199 200 201] last=[223 224 225 226 227 228 229 230 231 232]
[DEBUG][test_loop] batch=8 input_shape=torch.Size([32, 10, 9]) labels_shape=torch.Size([32, 10])
[DEBUG][test_loop] labels sum in batch = 0.0
[DEBUG][test_loop] pkt_idx first=[224 225 226 227 228 229 230 231 232 233] last=[255 256 257 258 259 260 261 262 263 264]
[DEBUG][test_loop] batch=9 input_shape=torch.Size([32, 10, 9]) labels_shape=torch.Size([32, 10])
[DEBUG][test_loop] labels sum in batch = 0.0
[DEBUG][test_loop] pkt_idx first=[256 257 258 259 260 261 262 263 264 265] last=[287 288 289 290 291 292 293 294 295 296]
[DEBUG][test_loop] batch=10 input_shape=torch.Size([32, 10, 9]) labels_shape=torch.Size([32, 10])
[DEBUG][test_loop] labels sum in batch = 0.0
[DEBUG][test_loop] pkt_idx first=[288 289 290 291 292 293 294 295 296 297] last=[319 320 321 322 323 324 325 326 327 328]
[DEBUG][test_loop] batch=11 input_shape=torch.Size([32, 10, 9]) labels_shape=torch.Size([32, 10])
[DEBUG][test_loop] labels sum in batch = 0.0
[DEBUG][test_loop] pkt_idx first=[320 321 322 323 324 325 326 327 328 329] last=[351 352 353 354 355 356 357 358 359 360]
[DEBUG][test_loop] batch=12 input_shape=torch.Size([32, 10, 9]) labels_shape=torch.Size([32, 10])
[DEBUG][test_loop] labels sum in batch = 0.0
[DEBUG][test_loop] pkt_idx first=[352 353 354 355 356 357 358 359 360 361] last=[383 384 385 386 387 388 389 390 391 392]
[DEBUG][test_loop] batch=13 input_shape=torch.Size([32, 10, 9]) labels_shape=torch.Size([32, 10])
[DEBUG][test_loop] labels sum in batch = 0.0
[DEBUG][test_loop] pkt_idx first=[384 385 386 387 388 389 390 391 392 393] last=[415 416 417 418 419 420 421 422 423 424]
[DEBUG][test_loop] batch=14 input_shape=torch.Size([32, 10, 9]) labels_shape=torch.Size([32, 10])
[DEBUG][test_loop] labels sum in batch = 0.0
[DEBUG][test_loop] pkt_idx first=[416 417 418 419 420 421 422 423 424 425] last=[447 448 449 450 451 452 453 454 455 456]
[DEBUG][test_loop] batch=15 input_shape=torch.Size([32, 10, 9]) labels_shape=torch.Size([32, 10])
[DEBUG][test_loop] labels sum in batch = 0.0
[DEBUG][test_loop] pkt_idx first=[448 449 450 451 452 453 454 455 456 457] last=[479 480 481 482 483 484 485 486 487 488]
[DEBUG][test_loop] batch=16 input_shape=torch.Size([32, 10, 9]) labels_shape=torch.Size([32, 10])
[DEBUG][test_loop] labels sum in batch = 0.0
[DEBUG][test_loop] pkt_idx first=[480 481 482 483 484 485 486 487 488 489] last=[511 512 513 514 515 516 517 518 519 520]
[DEBUG][test_loop] batch=17 input_shape=torch.Size([32, 10, 9]) labels_shape=torch.Size([32, 10])
[DEBUG][test_loop] labels sum in batch = 0.0
[DEBUG][test_loop] pkt_idx first=[512 513 514 515 516 517 518 519 520 521] last=[543 544 545 546 547 548 549 550 551 552]
[DEBUG][test_loop] batch=18 input_shape=torch.Size([32, 10, 9]) labels_shape=torch.Size([32, 10])
[DEBUG][test_loop] labels sum in batch = 0.0
[DEBUG][test_loop] pkt_idx first=[544 545 546 547 548 549 550 551 552 553] last=[575 576 577 578 579 580 581 582 583 584]
test_labels shape = (5920,)
test_labels sum = 10.0
test_labels tail 30 = [0. 0. 0. 0. 0. 0. 0. 0. 0. 0. 0. 0. 0. 0. 0. 0. 0. 0. 0. 0. 1. 1. 1. 1.
 1. 1. 1. 1. 1. 1.]
score min = 0.0
score max = 0.287148
threshold = 0.23392276585102081
num_pred_anomaly = 242
Accuracy : 0.9593, Precision : 0.0398, Recall : 1.0000, F-score : 0.0766 
test_pkt_idx shape = (592, 10)
test_pkt_idx last row = [600 601 602 603 604 605 606 607 608 609]
test_energy shape = (5920,)
last window score = 0.18369763
test_valid_mask[595:610] = [ True  True  True  True  True  True  True  True  True  True  True  True
  True  True  True]
num_true_window_anomaly = 10
raw total test packets = 610
raw true packet anomaly = 10
selected_packet_mask count = 610
true anomaly after selected_packet_mask = 10
raw anomaly packet idx = [600 601 602 603 604 605 606 607 608 609]
valid mask on anomaly idx = [ True  True  True  True  True  True  True  True  True  True]
selected packet idx head/tail = [ 0  1  2  3  4  5  6  7  8  9 10 11 12 13 14 15 16 17 18 19] [590 591 592 593 594 595 596 597 598 599 600 601 602 603 604 605 606 607
 608 609]
true anomaly after test_valid_mask = 10
num anomaly removed by valid mask = 0
num_valid_test_packets = 610
num_valid_thre_packets = 600
packet score min = 0.003141046705422923
packet score max = 0.19227202534675597
packet threshold = 0.14328288207948203
num_pred_packet_anomaly = 24
num_true_packet_anomaly = 10
Packet Threshold : 0.143283
Packet Accuracy : 0.9443, Packet Precision : 0.0000, Packet Recall : 0.0000, Packet F-score : 0.0000
[INFO] Saved packet-level outputs to: packet_result/
[DEBUG][train] session=session_train.npy T=600 label=0 windows_added=591 local_mask_sum=600 global_idx_range=(0,599)
[DEBUG][train] last window pkt_idx = [590 591 592 593 594 595 596 597 598 599]
[TNS_V2:train] num_windows = 591
[TNS_V2:train] total_packets = 600
[TNS_V2:train] first window shape = (10, 9)
[DEBUG][val] session=session_test_normal.npy T=600 label=0 windows_added=591 local_mask_sum=600 global_idx_range=(0,599)
[DEBUG][val] last window pkt_idx = [590 591 592 593 594 595 596 597 598 599]
[TNS_V2:val] num_windows = 591
[TNS_V2:val] total_packets = 600
[TNS_V2:val] first window shape = (10, 9)
[DEBUG][test] session=session_test_normal.npy T=600 label=0 windows_added=591 local_mask_sum=600 global_idx_range=(0,599)
[DEBUG][test] last window pkt_idx = [590 591 592 593 594 595 596 597 598 599]
[DEBUG][test] session=session_test_anomaly.npy T=10 label=1 windows_added=1 local_mask_sum=10 global_idx_range=(600,609)
[DEBUG][test] last window pkt_idx = [600 601 602 603 604 605 606 607 608 609]
[TNS_V2:test] num_windows = 592
[TNS_V2:test] total_packets = 610
[TNS_V2:test] first window shape = (10, 9)
[DEBUG][thre] session=session_test_normal.npy T=600 label=0 windows_added=591 local_mask_sum=600 global_idx_range=(0,599)
[DEBUG][thre] last window pkt_idx = [590 591 592 593 594 595 596 597 598 599]
[TNS_V2:thre] num_windows = 591
[TNS_V2:thre] total_packets = 600
[TNS_V2:thre] first window shape = (10, 9)
dataset window_labels shape = (592, 10)
dataset last window label = [1. 1. 1. 1. 1. 1. 1. 1. 1. 1.]
dataset last window pkt_idx = [600 601 602 603 604 605 606 607 608 609]
Threshold : 0.23388650715351103
[DEBUG][test_loop] batch=0 input_shape=torch.Size([15, 10, 9]) labels_shape=torch.Size([15, 10])
[DEBUG][test_loop] labels sum in batch = 0.0
[DEBUG][test_loop] pkt_idx first=[576 577 578 579 580 581 582 583 584 585] last=[590 591 592 593 594 595 596 597 598 599]
[DEBUG][test_loop] batch=1 input_shape=torch.Size([32, 10, 9]) labels_shape=torch.Size([32, 10])
[DEBUG][test_loop] labels sum in batch = 0.0
[DEBUG][test_loop] pkt_idx first=[0 1 2 3 4 5 6 7 8 9] last=[31 32 33 34 35 36 37 38 39 40]
[DEBUG][test_loop] batch=2 input_shape=torch.Size([32, 10, 9]) labels_shape=torch.Size([32, 10])
[DEBUG][test_loop] labels sum in batch = 0.0
[DEBUG][test_loop] pkt_idx first=[32 33 34 35 36 37 38 39 40 41] last=[63 64 65 66 67 68 69 70 71 72]
[DEBUG][test_loop] batch=3 input_shape=torch.Size([32, 10, 9]) labels_shape=torch.Size([32, 10])
[DEBUG][test_loop] labels sum in batch = 0.0
[DEBUG][test_loop] pkt_idx first=[64 65 66 67 68 69 70 71 72 73] last=[ 95  96  97  98  99 100 101 102 103 104]
[DEBUG][test_loop] batch=4 input_shape=torch.Size([32, 10, 9]) labels_shape=torch.Size([32, 10])
[DEBUG][test_loop] labels sum in batch = 0.0
[DEBUG][test_loop] pkt_idx first=[ 96  97  98  99 100 101 102 103 104 105] last=[127 128 129 130 131 132 133 134 135 136]
[DEBUG][test_loop] batch=5 input_shape=torch.Size([32, 10, 9]) labels_shape=torch.Size([32, 10])
[DEBUG][test_loop] labels sum in batch = 0.0
[DEBUG][test_loop] pkt_idx first=[128 129 130 131 132 133 134 135 136 137] last=[159 160 161 162 163 164 165 166 167 168]
[DEBUG][test_loop] batch=6 input_shape=torch.Size([32, 10, 9]) labels_shape=torch.Size([32, 10])
[DEBUG][test_loop] labels sum in batch = 0.0
[DEBUG][test_loop] pkt_idx first=[160 161 162 163 164 165 166 167 168 169] last=[191 192 193 194 195 196 197 198 199 200]
[DEBUG][test_loop] batch=7 input_shape=torch.Size([32, 10, 9]) labels_shape=torch.Size([32, 10])
[DEBUG][test_loop] labels sum in batch = 0.0
[DEBUG][test_loop] pkt_idx first=[192 193 194 195 196 197 198 199 200 201] last=[223 224 225 226 227 228 229 230 231 232]
[DEBUG][test_loop] batch=8 input_shape=torch.Size([32, 10, 9]) labels_shape=torch.Size([32, 10])
[DEBUG][test_loop] labels sum in batch = 0.0
[DEBUG][test_loop] pkt_idx first=[224 225 226 227 228 229 230 231 232 233] last=[255 256 257 258 259 260 261 262 263 264]
[DEBUG][test_loop] batch=9 input_shape=torch.Size([32, 10, 9]) labels_shape=torch.Size([32, 10])
[DEBUG][test_loop] labels sum in batch = 0.0
[DEBUG][test_loop] pkt_idx first=[256 257 258 259 260 261 262 263 264 265] last=[287 288 289 290 291 292 293 294 295 296]
[DEBUG][test_loop] batch=10 input_shape=torch.Size([32, 10, 9]) labels_shape=torch.Size([32, 10])
[DEBUG][test_loop] labels sum in batch = 0.0
[DEBUG][test_loop] pkt_idx first=[288 289 290 291 292 293 294 295 296 297] last=[319 320 321 322 323 324 325 326 327 328]
[DEBUG][test_loop] batch=11 input_shape=torch.Size([32, 10, 9]) labels_shape=torch.Size([32, 10])
[DEBUG][test_loop] labels sum in batch = 0.0
[DEBUG][test_loop] pkt_idx first=[320 321 322 323 324 325 326 327 328 329] last=[351 352 353 354 355 356 357 358 359 360]
[DEBUG][test_loop] batch=12 input_shape=torch.Size([32, 10, 9]) labels_shape=torch.Size([32, 10])
[DEBUG][test_loop] labels sum in batch = 0.0
[DEBUG][test_loop] pkt_idx first=[352 353 354 355 356 357 358 359 360 361] last=[383 384 385 386 387 388 389 390 391 392]
[DEBUG][test_loop] batch=13 input_shape=torch.Size([32, 10, 9]) labels_shape=torch.Size([32, 10])
[DEBUG][test_loop] labels sum in batch = 0.0
[DEBUG][test_loop] pkt_idx first=[384 385 386 387 388 389 390 391 392 393] last=[415 416 417 418 419 420 421 422 423 424]
[DEBUG][test_loop] batch=14 input_shape=torch.Size([32, 10, 9]) labels_shape=torch.Size([32, 10])
[DEBUG][test_loop] labels sum in batch = 0.0
[DEBUG][test_loop] pkt_idx first=[416 417 418 419 420 421 422 423 424 425] last=[447 448 449 450 451 452 453 454 455 456]
[DEBUG][test_loop] batch=15 input_shape=torch.Size([32, 10, 9]) labels_shape=torch.Size([32, 10])
[DEBUG][test_loop] labels sum in batch = 0.0
[DEBUG][test_loop] pkt_idx first=[448 449 450 451 452 453 454 455 456 457] last=[479 480 481 482 483 484 485 486 487 488]
[DEBUG][test_loop] batch=16 input_shape=torch.Size([32, 10, 9]) labels_shape=torch.Size([32, 10])
[DEBUG][test_loop] labels sum in batch = 0.0
[DEBUG][test_loop] pkt_idx first=[480 481 482 483 484 485 486 487 488 489] last=[511 512 513 514 515 516 517 518 519 520]
[DEBUG][test_loop] batch=17 input_shape=torch.Size([32, 10, 9]) labels_shape=torch.Size([32, 10])
[DEBUG][test_loop] labels sum in batch = 0.0
[DEBUG][test_loop] pkt_idx first=[512 513 514 515 516 517 518 519 520 521] last=[543 544 545 546 547 548 549 550 551 552]
[DEBUG][test_loop] batch=18 input_shape=torch.Size([32, 10, 9]) labels_shape=torch.Size([32, 10])
[DEBUG][test_loop] labels sum in batch = 0.0
[DEBUG][test_loop] pkt_idx first=[544 545 546 547 548 549 550 551 552 553] last=[575 576 577 578 579 580 581 582 583 584]
test_labels shape = (5920,)
test_labels sum = 10.0
test_labels tail 30 = [0. 0. 0. 0. 0. 0. 0. 0. 0. 0. 0. 0. 0. 0. 0. 0. 0. 0. 0. 0. 1. 1. 1. 1.
 1. 1. 1. 1. 1. 1.]
[DEBUG][train] session=session_train.npy T=600 label=0 windows_added=591 local_mask_sum=600 global_idx_range=(0,599)
[DEBUG][train] last window pkt_idx = [590 591 592 593 594 595 596 597 598 599]
[TNS_V2:train] num_windows = 591
[TNS_V2:train] total_packets = 600
[TNS_V2:train] first window shape = (10, 9)
[DEBUG][val] session=session_test_normal.npy T=600 label=0 windows_added=591 local_mask_sum=600 global_idx_range=(0,599)
[DEBUG][val] last window pkt_idx = [590 591 592 593 594 595 596 597 598 599]
[TNS_V2:val] num_windows = 591
[TNS_V2:val] total_packets = 600
[TNS_V2:val] first window shape = (10, 9)
[DEBUG][test] session=session_test_normal.npy T=600 label=0 windows_added=591 local_mask_sum=600 global_idx_range=(0,599)
[DEBUG][test] last window pkt_idx = [590 591 592 593 594 595 596 597 598 599]
[DEBUG][test] session=session_test_anomaly.npy T=10 label=1 windows_added=1 local_mask_sum=10 global_idx_range=(600,609)
[DEBUG][test] last window pkt_idx = [600 601 602 603 604 605 606 607 608 609]
[TNS_V2:test] num_windows = 592
[TNS_V2:test] total_packets = 610
[TNS_V2:test] first window shape = (10, 9)
[DEBUG][thre] session=session_test_normal.npy T=600 label=0 windows_added=591 local_mask_sum=600 global_idx_range=(0,599)
[DEBUG][thre] last window pkt_idx = [590 591 592 593 594 595 596 597 598 599]
[TNS_V2:thre] num_windows = 591
[TNS_V2:thre] total_packets = 600
[TNS_V2:thre] first window shape = (10, 9)
dataset window_labels shape = (592, 10)
dataset last window label = [1. 1. 1. 1. 1. 1. 1. 1. 1. 1.]
dataset last window pkt_idx = [600 601 602 603 604 605 606 607 608 609]
Threshold : 0.23392876923084258
[DEBUG][test_loop] batch=0 input_shape=torch.Size([15, 10, 9]) labels_shape=torch.Size([15, 10])
[DEBUG][test_loop] labels sum in batch = 0.0
[DEBUG][test_loop] pkt_idx first=[576 577 578 579 580 581 582 583 584 585] last=[590 591 592 593 594 595 596 597 598 599]
[DEBUG][test_loop] batch=1 input_shape=torch.Size([32, 10, 9]) labels_shape=torch.Size([32, 10])
[DEBUG][test_loop] labels sum in batch = 0.0
[DEBUG][test_loop] pkt_idx first=[0 1 2 3 4 5 6 7 8 9] last=[31 32 33 34 35 36 37 38 39 40]
[DEBUG][test_loop] batch=2 input_shape=torch.Size([32, 10, 9]) labels_shape=torch.Size([32, 10])
[DEBUG][test_loop] labels sum in batch = 0.0
[DEBUG][test_loop] pkt_idx first=[32 33 34 35 36 37 38 39 40 41] last=[63 64 65 66 67 68 69 70 71 72]
[DEBUG][test_loop] batch=3 input_shape=torch.Size([32, 10, 9]) labels_shape=torch.Size([32, 10])
[DEBUG][test_loop] labels sum in batch = 0.0
[DEBUG][test_loop] pkt_idx first=[64 65 66 67 68 69 70 71 72 73] last=[ 95  96  97  98  99 100 101 102 103 104]
[DEBUG][test_loop] batch=4 input_shape=torch.Size([32, 10, 9]) labels_shape=torch.Size([32, 10])
[DEBUG][test_loop] labels sum in batch = 0.0
[DEBUG][test_loop] pkt_idx first=[ 96  97  98  99 100 101 102 103 104 105] last=[127 128 129 130 131 132 133 134 135 136]
[DEBUG][test_loop] batch=5 input_shape=torch.Size([32, 10, 9]) labels_shape=torch.Size([32, 10])
[DEBUG][test_loop] labels sum in batch = 0.0
[DEBUG][test_loop] pkt_idx first=[128 129 130 131 132 133 134 135 136 137] last=[159 160 161 162 163 164 165 166 167 168]
[DEBUG][test_loop] batch=6 input_shape=torch.Size([32, 10, 9]) labels_shape=torch.Size([32, 10])
[DEBUG][test_loop] labels sum in batch = 0.0
[DEBUG][test_loop] pkt_idx first=[160 161 162 163 164 165 166 167 168 169] last=[191 192 193 194 195 196 197 198 199 200]
[DEBUG][test_loop] batch=7 input_shape=torch.Size([32, 10, 9]) labels_shape=torch.Size([32, 10])
[DEBUG][test_loop] labels sum in batch = 0.0
[DEBUG][test_loop] pkt_idx first=[192 193 194 195 196 197 198 199 200 201] last=[223 224 225 226 227 228 229 230 231 232]
[DEBUG][test_loop] batch=8 input_shape=torch.Size([32, 10, 9]) labels_shape=torch.Size([32, 10])
[DEBUG][test_loop] labels sum in batch = 0.0
[DEBUG][test_loop] pkt_idx first=[224 225 226 227 228 229 230 231 232 233] last=[255 256 257 258 259 260 261 262 263 264]
[DEBUG][test_loop] batch=9 input_shape=torch.Size([32, 10, 9]) labels_shape=torch.Size([32, 10])
[DEBUG][test_loop] labels sum in batch = 0.0
[DEBUG][test_loop] pkt_idx first=[256 257 258 259 260 261 262 263 264 265] last=[287 288 289 290 291 292 293 294 295 296]
[DEBUG][test_loop] batch=10 input_shape=torch.Size([32, 10, 9]) labels_shape=torch.Size([32, 10])
[DEBUG][test_loop] labels sum in batch = 0.0
[DEBUG][test_loop] pkt_idx first=[288 289 290 291 292 293 294 295 296 297] last=[319 320 321 322 323 324 325 326 327 328]
[DEBUG][test_loop] batch=11 input_shape=torch.Size([32, 10, 9]) labels_shape=torch.Size([32, 10])
[DEBUG][test_loop] labels sum in batch = 0.0
[DEBUG][test_loop] pkt_idx first=[320 321 322 323 324 325 326 327 328 329] last=[351 352 353 354 355 356 357 358 359 360]
[DEBUG][test_loop] batch=12 input_shape=torch.Size([32, 10, 9]) labels_shape=torch.Size([32, 10])
[DEBUG][test_loop] labels sum in batch = 0.0
[DEBUG][test_loop] pkt_idx first=[352 353 354 355 356 357 358 359 360 361] last=[383 384 385 386 387 388 389 390 391 392]
[DEBUG][test_loop] batch=13 input_shape=torch.Size([32, 10, 9]) labels_shape=torch.Size([32, 10])
[DEBUG][test_loop] labels sum in batch = 0.0
[DEBUG][test_loop] pkt_idx first=[384 385 386 387 388 389 390 391 392 393] last=[415 416 417 418 419 420 421 422 423 424]
[DEBUG][test_loop] batch=14 input_shape=torch.Size([32, 10, 9]) labels_shape=torch.Size([32, 10])
[DEBUG][test_loop] labels sum in batch = 0.0
[DEBUG][test_loop] pkt_idx first=[416 417 418 419 420 421 422 423 424 425] last=[447 448 449 450 451 452 453 454 455 456]
[DEBUG][test_loop] batch=15 input_shape=torch.Size([32, 10, 9]) labels_shape=torch.Size([32, 10])
[DEBUG][test_loop] labels sum in batch = 0.0
[DEBUG][test_loop] pkt_idx first=[448 449 450 451 452 453 454 455 456 457] last=[479 480 481 482 483 484 485 486 487 488]
[DEBUG][test_loop] batch=16 input_shape=torch.Size([32, 10, 9]) labels_shape=torch.Size([32, 10])
[DEBUG][test_loop] labels sum in batch = 0.0
[DEBUG][test_loop] pkt_idx first=[480 481 482 483 484 485 486 487 488 489] last=[511 512 513 514 515 516 517 518 519 520]
[DEBUG][test_loop] batch=17 input_shape=torch.Size([32, 10, 9]) labels_shape=torch.Size([32, 10])
[DEBUG][test_loop] labels sum in batch = 0.0
[DEBUG][test_loop] pkt_idx first=[512 513 514 515 516 517 518 519 520 521] last=[543 544 545 546 547 548 549 550 551 552]
[DEBUG][test_loop] batch=18 input_shape=torch.Size([32, 10, 9]) labels_shape=torch.Size([32, 10])
[DEBUG][test_loop] labels sum in batch = 0.0
[DEBUG][test_loop] pkt_idx first=[544 545 546 547 548 549 550 551 552 553] last=[575 576 577 578 579 580 581 582 583 584]
test_labels shape = (5920,)
test_labels sum = 10.0
test_labels tail 30 = [0. 0. 0. 0. 0. 0. 0. 0. 0. 0. 0. 0. 0. 0. 0. 0. 0. 0. 0. 0. 1. 1. 1. 1.
 1. 1. 1. 1. 1. 1.]
===========window level==============
TP = 10
FP = 241
FN = 0
TN = 5669
Accuracy : 0.9593, Precision : 0.0398, Recall : 1.0000, F-score : 0.0766 
raw anomaly packet idx = [600 601 602 603 604 605 606 607 608 609]
valid mask on anomaly idx = [ True  True  True  True  True  True  True  True  True  True]
selected packet idx head/tail = [ 0  1  2  3  4  5  6  7  8  9 10 11 12 13 14 15 16 17 18 19] [590 591 592 593 594 595 596 597 598 599 600 601 602 603 604 605 606 607
 608 609]
true anomaly after test_valid_mask = 10
num anomaly removed by valid mask = 0
num_valid_test_packets = 610
num_valid_thre_packets = 600
=========packet level=============
TP = 0
FP = 24
FN = 10
TN = 576
Packet Threshold : 0.143283
Packet Accuracy : 0.9443, Packet Precision : 0.0000, Packet Recall : 0.0000, Packet F-score : 0.0000
[INFO] Saved packet-level outputs to: packet_result/
